[avitex.vn/html/aizan/index.html]
[backblue.gif]
[fade.gif]
[index.html]
[avitex.vn/html/aizan/assets/images/fav.png]
[avitex.vn/html/aizan/home2.html]
[avitex.vn/html/aizan/home3.html]
[avitex.vn/html/aizan/home4.html]
[avitex.vn/html/aizan/about.html]
[avitex.vn/html/aizan/service-one.html]
[avitex.vn/html/aizan/assets/images/submenu/1.png]
[avitex.vn/html/aizan/service-two.html]
[avitex.vn/html/aizan/assets/images/submenu/2.png]
[avitex.vn/html/aizan/service-three.html]
[avitex.vn/html/aizan/assets/images/submenu/3.png]
[avitex.vn/html/aizan/service-four.html]
[avitex.vn/html/aizan/assets/images/submenu/4.png]
[avitex.vn/html/aizan/pricing.html]
[avitex.vn/html/aizan/faqs.html]
[avitex.vn/html/aizan/page-not-found.html]
[avitex.vn/html/aizan/assets/images/components/bg-submenu.png]
[avitex.vn/html/aizan/blog.html]
[avitex.vn/html/aizan/contact.html]
[avitex.vn/html/aizan/assets/images/slider/user1.png]
[avitex.vn/html/aizan/assets/images/slider/frame-above.png]
[avitex.vn/html/aizan/assets/images/slider/frame-below.png]
[avitex.vn/html/aizan/assets/images/components/bg-chatbot1.png]
[avitex.vn/html/aizan/assets/images/components/avatar-about1-1.png]
[avitex.vn/html/aizan/assets/images/components/avatar-about1-2.png]
[avitex.vn/html/aizan/assets/images/components/line-about1.png]
[avitex.vn/html/aizan/services-detail.html]
[avitex.vn/html/aizan/assets/images/components/bg-how-it-work.png]
[avitex.vn/html/aizan/assets/images/avatar/avatar1.png]
[avitex.vn/html/aizan/assets/images/avatar/avatar4.png]
[avitex.vn/html/aizan/assets/images/avatar/avatar3.png]
[avitex.vn/html/aizan/assets/images/avatar/avatar5.png]
[avitex.vn/html/aizan/assets/images/avatar/avatar6.png]
[avitex.vn/html/aizan/assets/images/avatar/avatar2.png]
[avitex.vn/html/aizan/assets/images/projects/1.png]
[avitex.vn/html/aizan/project-detail.html]
[avitex.vn/html/aizan/assets/images/projects/2.png]
[avitex.vn/html/aizan/assets/images/projects/3.png]
[avitex.vn/html/aizan/assets/images/projects/4.png]
[avitex.vn/html/aizan/assets/images/projects/5.png]
[avitex.vn/html/aizan/assets/images/projects/6.png]
[avitex.vn/html/aizan/assets/images/projects/7.png]
[avitex.vn/html/aizan/assets/images/projects/8.png]
[avitex.vn/html/aizan/assets/images/projects/9.png]
[avitex.vn/html/aizan/assets/images/projects/10.png]
[avitex.vn/html/aizan/assets/images/projects/11.png]
[avitex.vn/html/aizan/assets/images/projects/12.png]
[avitex.vn/html/aizan/blog-detail.html]
[avitex.vn/html/aizan/assets/images/blog/item1.png]
[avitex.vn/html/aizan/assets/images/blog/item3.png]
[avitex.vn/html/aizan/assets/images/blog/item4.png]
[avitex.vn/html/aizan/assets/images/blog/item2.png]
[avitex.vn/html/aizan/assets/images/components/bg-popup-newsletter.png]
[avitex.vn/html/aizan/assets/js/jquery-3.7.0.js]
[avitex.vn/html/aizan/assets/js/jquery-migrate-3.4.1.js]
[avitex.vn/html/aizan/assets/js/slick.min.js]
[avitex.vn/html/aizan/assets/js/scrollreveal.js]
[avitex.vn/html/aizan/assets/js/swiper-bundle.min.js]
[avitex.vn/html/aizan/assets/js/bootstrap.bundle.min.js]
[avitex.vn/html/aizan/assets/js/countUp.min.js]
[avitex.vn/html/aizan/assets/js/waypoints.min.js]
[avitex.vn/html/aizan/assets/js/phosphor-icons.js]
[avitex.vn/html/aizan/assets/js/main.min.js]
[avitex.vn/html/aizan/index.html]
[avitex.vn/html/aizan/assets/css/animate.min.css]
[avitex.vn/html/aizan/assets/css/bootstrap.min.css]
[avitex.vn/html/aizan/assets/css/slick.css]
[avitex.vn/html/aizan/assets/icons/fonts/icomoon7214.eot]
[avitex.vn/html/aizan/assets/icons/fonts/icomoon7214.ttf]
[avitex.vn/html/aizan/assets/icons/fonts/icomoon7214.woff]
[avitex.vn/html/aizan/assets/icons/style.css]
[avitex.vn/html/aizan/assets/images/slider/bg-slider1.png]
[avitex.vn/html/aizan/assets/images/slider/bg-slider2.png]
[avitex.vn/html/aizan/assets/images/slider/bg-slider3.png]
[avitex.vn/html/aizan/assets/images/slider/bg-slider4.png]
[avitex.vn/html/aizan/assets/images/components/bg-service3.png]
[avitex.vn/html/aizan/assets/images/components/bg-how-it-work4.png]
[avitex.vn/html/aizan/assets/images/components/bg-color-testimonial3.png]
[avitex.vn/html/aizan/assets/css/style.css]
[avitex.vn/html/aizan/assets/css/swiper-bundle.min.css]
[avitex.vn/html/aizan/blog-three.html]
[avitex.vn/html/aizan/blog-two.html]
[avitex.vn/html/aizan/blog-four.html]
[avitex.vn/html/aizan/blog-five.html]
[avitex.vn/html/aizan/assets/images/slider/avatar.png]
[avitex.vn/html/aizan/assets/images/slider/avatar1.png]
[avitex.vn/html/aizan/assets/images/slider/avatar2.png]
[avitex.vn/html/aizan/assets/images/slider/avatar3.png]
[avitex.vn/html/aizan/assets/images/slider/avatar4.png]
[avitex.vn/html/aizan/assets/images/slider/avatar5.png]
[avitex.vn/html/aizan/assets/images/components/bg-about2.png]
[avitex.vn/html/aizan/assets/images/projects/2-1.png]
[avitex.vn/html/aizan/assets/images/projects/2-2.png]
[avitex.vn/html/aizan/assets/images/projects/2-3.png]
[avitex.vn/html/aizan/assets/images/projects/2-4.png]
[avitex.vn/html/aizan/assets/images/projects/2-5.png]
[avitex.vn/html/aizan/assets/images/projects/2-6.png]
[avitex.vn/html/aizan/assets/images/projects/2-7.png]
[avitex.vn/html/aizan/assets/images/projects/2-8.png]
[avitex.vn/html/aizan/assets/images/components/banner2-1.png]
[avitex.vn/html/aizan/assets/images/components/banner2-2.png]
[avitex.vn/html/aizan/assets/images/components/bg-video.png]
[avitex.vn/html/aizan/assets/images/blog/2-1.png]
[avitex.vn/html/aizan/assets/images/blog/2-2.png]
[avitex.vn/html/aizan/assets/images/blog/2-3.png]
[avitex.vn/html/aizan/assets/images/blog/2-4.png]
[avitex.vn/html/aizan/assets/images/insta/1.png]
[avitex.vn/html/aizan/assets/images/insta/3.png]
[avitex.vn/html/aizan/assets/images/insta/4.png]
[avitex.vn/html/aizan/assets/images/insta/2.png]
[avitex.vn/html/aizan/assets/images/insta/5.png]
[avitex.vn/html/aizan/assets/images/insta/6.png]
[avitex.vn/html/aizan/assets/images/insta/7.png]
[avitex.vn/html/aizan/assets/images/insta/8.png]
[avitex.vn/html/aizan/assets/images/insta/9.png]
[avitex.vn/html/aizan/assets/images/insta/10.png]
[avitex.vn/html/aizan/home2.html]
[avitex.vn/html/aizan/assets/images/components/bg-about3.png]
[avitex.vn/html/aizan/assets/images/components/bg-testimonial3.png]
[avitex.vn/html/aizan/assets/images/components/bg-video3.png]
[avitex.vn/html/aizan/assets/images/components/bg-contact3.png]
[avitex.vn/html/aizan/home3.html]
[avitex.vn/html/aizan/assets/images/components/bg-fixed4.png]
[avitex.vn/html/aizan/assets/images/components/bg-video4.png]
[avitex.vn/html/aizan/assets/images/components/bg-about.png]
[avitex.vn/html/aizan/assets/images/components/bg-contact4.png]
[avitex.vn/html/aizan/home4.html]
[avitex.vn/html/aizan/assets/images/slider/breadcrum.png]
[avitex.vn/html/aizan/assets/images/avatar/team1.png]
[avitex.vn/html/aizan/assets/images/avatar/team2.png]
[avitex.vn/html/aizan/assets/images/avatar/team3.png]
[avitex.vn/html/aizan/assets/images/avatar/team4.png]
[avitex.vn/html/aizan/about.html]
[avitex.vn/html/aizan/service-one.html]
[avitex.vn/html/aizan/service-two.html]
[avitex.vn/html/aizan/service-three.html]
[avitex.vn/html/aizan/service-four.html]
[avitex.vn/html/aizan/pricing.html]
[avitex.vn/html/aizan/faqs.html]
[avitex.vn/html/aizan/assets/images/components/bg-404.png]
[avitex.vn/html/aizan/page-not-found.html]
[avitex.vn/html/aizan/assets/images/blog/recent1.png]
[avitex.vn/html/aizan/assets/images/blog/recent2.png]
[avitex.vn/html/aizan/assets/images/blog/recent3.png]
[avitex.vn/html/aizan/blog.html]
[avitex.vn/html/aizan/contact.html]
[avitex.vn/html/aizan/assets/images/partners/mega.svg]
[avitex.vn/html/aizan/assets/images/partners/mian.svg]
[avitex.vn/html/aizan/assets/images/partners/beta.svg]
[avitex.vn/html/aizan/assets/images/partners/mian2.svg]
[avitex.vn/html/aizan/assets/images/partners/genvi.svg]
[avitex.vn/html/aizan/assets/images/components/bg-services-detail.png]
[avitex.vn/html/aizan/services-detail.html]
[avitex.vn/html/aizan/assets/images/components/bg-project1.png]
[avitex.vn/html/aizan/assets/images/components/bg-project2.png]
[avitex.vn/html/aizan/assets/images/components/bg-project3.png]
[avitex.vn/html/aizan/project-detail.html]
[avitex.vn/html/aizan/blog-detail.html]
[avitex.vn/html/aizan/assets/icons/fonts/icomoon7214.svg]
[avitex.vn/html/aizan/assets/images/blog/item7.png]
[avitex.vn/html/aizan/assets/images/blog/item8.png]
[avitex.vn/html/aizan/assets/images/blog/item9.png]
[avitex.vn/html/aizan/blog-three.html]
[avitex.vn/html/aizan/assets/images/blog/item6.png]
[avitex.vn/html/aizan/assets/images/blog/item5.png]
[avitex.vn/html/aizan/blog-two.html]
[avitex.vn/html/aizan/assets/images/blog/item10.png]
[avitex.vn/html/aizan/assets/images/blog/item11.png]
[avitex.vn/html/aizan/assets/images/blog/item12.png]
[avitex.vn/html/aizan/blog-four.html]
[avitex.vn/html/aizan/assets/images/blog/item13.png]
[avitex.vn/html/aizan/assets/images/blog/item14.png]
[avitex.vn/html/aizan/blog-five.html]
[avitex.vn/html/aizan/assets/images/partners/mian-white.svg]
[avitex.vn/html/aizan/assets/images/partners/mega-white.svg]
[avitex.vn/html/aizan/assets/images/partners/mian2-white.svg]
[avitex.vn/html/aizan/assets/images/partners/beta-white.svg]
[avitex.vn/html/aizan/assets/images/partners/genvi-white.svg]
[avitex.vn/html/aizan/assets/images/partners/mega-black.svg]
[avitex.vn/html/aizan/assets/images/partners/mian-black.svg]
[avitex.vn/html/aizan/assets/images/partners/beta-black.svg]
[avitex.vn/html/aizan/assets/images/partners/mian2-black.svg]
[avitex.vn/html/aizan/assets/images/partners/genvi-black.svg]
